// Jest Snapshot v1, https://goo.gl/fbAQLP

exports[`test suit for dashboard should render without errors but not buttons 1`] = `
<div>
  <div
    class="MuiContainer-root MuiContainer-maxWidthLg"
  >
    <div
      class="MuiGrid-root MuiGrid-container MuiGrid-spacing-xs-3"
    />
  </div>
</div>
`;
