// Jest Snapshot v1, https://goo.gl/fbAQLP

exports[`tests for component DashboardItem should render without errors but not buttons 1`] = `
<div>
  
</div>
`;

exports[`tests for component DashboardItem should render without errors with buttons  1`] = `
<div>
  <div
    class="MuiPaper-root MuiCard-root MuiPaper-elevation1 MuiPaper-rounded"
    data-testid="dashboard-item"
  >
    <button
      class="MuiButtonBase-root MuiCardActionArea-root"
      tabindex="0"
      type="button"
    >
      <div
        class="MuiCardMedia-root makeStyles-cardImage-2"
        style="background-image: url(someImagePath);"
        title="someDummyTitle"
      />
      <div
        class="MuiCardContent-root"
      >
        <h5
          class="MuiTypography-root MuiTypography-h5 MuiTypography-gutterBottom"
        >
          someDummyTitle
        </h5>
        <p
          class="MuiTypography-root MuiTypography-body2 MuiTypography-colorTextSecondary"
        >
          some dummy description
        </p>
      </div>
      <span
        class="MuiCardActionArea-focusHighlight"
      />
      <span
        class="MuiTouchRipple-root"
      />
    </button>
    <div
      class="MuiCardActions-root MuiCardActions-spacing"
    >
      <button
        class="MuiButtonBase-root MuiButton-root MuiButton-text"
        tabindex="0"
        title="preview"
        type="button"
      >
        <span
          class="MuiButton-label"
        >
          Preview
        </span>
        <span
          class="MuiTouchRipple-root"
        />
      </button>
      <button
        class="MuiButtonBase-root MuiButton-root MuiButton-text"
        tabindex="0"
        title="launch"
        type="button"
      >
        <span
          class="MuiButton-label"
        >
          Launch
        </span>
        <span
          class="MuiTouchRipple-root"
        />
      </button>
    </div>
  </div>
</div>
`;
